#
# There is insufficient memory for the Java Runtime Environment to continue.
# Native memory allocation (malloc) failed to allocate 32744 bytes for ChunkPool::allocate
# Possible reasons:
#   The system is out of physical RAM or swap space
#   The process is running with CompressedOops enabled, and the Java Heap may be blocking the growth of the native heap
# Possible solutions:
#   Reduce memory load on the system
#   Increase physical memory or swap space
#   Check if swap backing store is full
#   Decrease Java heap size (-Xmx/-Xms)
#   Decrease number of Java threads
#   Decrease Java thread stack sizes (-Xss)
#   Set larger code cache with -XX:ReservedCodeCacheSize=
#   JVM is running with Unscaled Compressed Oops mode in which the Java heap is
#     placed in the first 4GB address space. The Java Heap base address is the
#     maximum limit for the native heap growth. Please use -XX:HeapBaseMinAddress
#     to set the Java Heap base and to place the Java Heap above 4GB virtual address.
# This output file may be truncated or incomplete.
#
#  Out of Memory Error (allocation.cpp:272), pid=26052, tid=0x0000000000006268
#
# JRE version: OpenJDK Runtime Environment (8.0_432-b06) (build 1.8.0_432-b06)
# Java VM: OpenJDK 64-Bit Server VM (25.432-b06 mixed mode windows-amd64 compressed oops)
# Failed to write core dump. Minidumps are not enabled by default on client versions of Windows
#

---------------  T H R E A D  ---------------

Current thread (0x00000233c8744000):  JavaThread "C2 CompilerThread0" daemon [_thread_in_native, id=25192, stack(0x000000c921600000,0x000000c921700000)]

Stack: [0x000000c921600000,0x000000c921700000]
[error occurred during error reporting (printing stack bounds), id 0xc0000005]

Native frames: (J=compiled Java code, j=interpreted, Vv=VM code, C=native code)


Current CompileTask:
C2: 735278 17978   !   4       javax.swing.JComponent::_paintImmediately (891 bytes)


---------------  P R O C E S S  ---------------

Java Threads: ( => current thread )
  0x00000233ce01e000 JavaThread "Thread-58" [_thread_in_native, id=14300, stack(0x000000c920f00000,0x000000c921000000)]
  0x00000233e4d0e000 JavaThread "Thread-55" [_thread_in_native, id=29160, stack(0x000000c920c00000,0x000000c920d00000)]
  0x00000233e4d09800 JavaThread "Thread-17" daemon [_thread_blocked, id=7172, stack(0x000000c923200000,0x000000c923300000)]
  0x00000233e4d08000 JavaThread "Tcl Isolation Thread" daemon [_thread_blocked, id=29256, stack(0x000000c922400000,0x000000c922500000)]
  0x00000233ce020000 JavaThread "Swing-Shell" daemon [_thread_blocked, id=10848, stack(0x000000c922500000,0x000000c922600000)]
  0x00000233ce01a000 JavaThread "D3D Screen Updater" daemon [_thread_blocked, id=7016, stack(0x000000c922900000,0x000000c922a00000)]
  0x00000233ce01b800 JavaThread "TimerQueue" daemon [_thread_blocked, id=25004, stack(0x000000c922600000,0x000000c922700000)]
  0x00000233cb2f7800 JavaThread "AWT-EventQueue-0" [_thread_blocked, id=2204, stack(0x000000c922000000,0x000000c922100000)]
  0x00000233cdb2e800 JavaThread "AWT-Shutdown" [_thread_blocked, id=22620, stack(0x000000c921d00000,0x000000c921e00000)]
  0x00000233cb378800 JavaThread "Command Watcher" daemon [_thread_blocked, id=17280, stack(0x000000c921f00000,0x000000c922000000)]
  0x00000233cb03c800 JavaThread "AWT-Windows" daemon [_thread_in_native, id=19472, stack(0x000000c921e00000,0x000000c921f00000)]
  0x00000233cb080000 JavaThread "Java2D Disposer" daemon [_thread_blocked, id=27320, stack(0x000000c921c00000,0x000000c921d00000)]
  0x00000233c879b000 JavaThread "Service Thread" daemon [_thread_blocked, id=24604, stack(0x000000c921a00000,0x000000c921b00000)]
  0x00000233c874f800 JavaThread "C1 CompilerThread3" daemon [_thread_blocked, id=20344, stack(0x000000c921900000,0x000000c921a00000)]
  0x00000233c8745000 JavaThread "C2 CompilerThread2" daemon [_thread_blocked, id=29196, stack(0x000000c921800000,0x000000c921900000)]
  0x00000233c874a000 JavaThread "C2 CompilerThread1" daemon [_thread_blocked, id=16164, stack(0x000000c921700000,0x000000c921800000)]
=>0x00000233c8744000 JavaThread "C2 CompilerThread0" daemon [_thread_in_native, id=25192, stack(0x000000c921600000,0x000000c921700000)]
  0x00000233c873f000 JavaThread "Attach Listener" daemon [_thread_blocked, id=7368, stack(0x000000c921500000,0x000000c921600000)]
  0x00000233c873e000 JavaThread "Signal Dispatcher" daemon [_thread_blocked, id=25768, stack(0x000000c921400000,0x000000c921500000)]
  0x00000233c8715000 JavaThread "Finalizer" daemon [_thread_blocked, id=25928, stack(0x000000c921300000,0x000000c921400000)]
  0x00000233c86ff800 JavaThread "Reference Handler" daemon [_thread_blocked, id=24680, stack(0x000000c921200000,0x000000c921300000)]
  0x00000233ad082800 JavaThread "main" [_thread_blocked, id=5660, stack(0x000000c921000000,0x000000c921100000)]

Other Threads:
  0x00000233c86c6000 VMThread [stack: 0x000000c921100000,0x000000c921200000] [id=3640]
  0x00000233c879d800 WatcherThread [stack: 0x000000c921b00000,0x000000c921c00000] [id=11828]

VM state:not at safepoint (normal execution)

VM Mutex/Monitor currently owned by a thread: None

heap address: 0x00000000a2400000, size: 1500 MB, Compressed Oops mode: 32-bit
Narrow klass base: 0x0000000000000000, Narrow klass shift: 3
Compressed class space size: 1073741824 Address: 0x0000000100000000

Heap:
 def new generation   total 148608K, used 72663K [0x00000000a2400000, 0x00000000ac530000, 0x00000000c1800000)
  eden space 132160K,  49% used [0x00000000a2400000, 0x00000000a63e9120, 0x00000000aa510000)
  from space 16448K,  43% used [0x00000000ab520000, 0x00000000abc2cd48, 0x00000000ac530000)
  to   space 16448K,   0% used [0x00000000aa510000, 0x00000000aa510000, 0x00000000ab520000)
 tenured generation   total 329976K, used 229253K [0x00000000c1800000, 0x00000000d5a3e000, 0x0000000100000000)
   the space 329976K,  69% used [0x00000000c1800000, 0x00000000cf7e15a0, 0x00000000cf7e1600, 0x00000000d5a3e000)
 Metaspace       used 57052K, capacity 58216K, committed 58328K, reserved 1099776K
  class space    used 7392K, capacity 7664K, committed 7680K, reserved 1048576K

Card table byte_map: [0x00000233c78c0000,0x00000233c7bb0000] byte_map_base: 0x00000233c73ae000

Polling page: 0x00000233b5c10000

CodeCache: size=245760Kb used=50824Kb max_used=51975Kb free=194935Kb
 bounds [0x00000233b8500000, 0x00000233bb850000, 0x00000233c7500000]
 total_blobs=14043 nmethods=13347 adapters=606
 compilation: enabled

Compilation events (10 events):
Event: 725.750 Thread 0x00000233c874f800 17975       3       tcl.lang.Channel::initOutput (110 bytes)
Event: 725.750 Thread 0x00000233c874f800 nmethod 17975 0x00000233b9713f10 code [0x00000233b9714100, 0x00000233b9714940]
Event: 725.750 Thread 0x00000233c874f800 17976       3       tcl.lang.TclOutputStream::writeObj (64 bytes)
Event: 725.751 Thread 0x00000233c874f800 nmethod 17976 0x00000233bb6aced0 code [0x00000233bb6ad0c0, 0x00000233bb6ad930]
Event: 725.751 Thread 0x00000233c874f800 17974       3       tcl.lang.Channel::write (10 bytes)
Event: 725.751 Thread 0x00000233c874f800 nmethod 17974 0x00000233b94b4ed0 code [0x00000233b94b5060, 0x00000233b94b5480]
Event: 725.787 Thread 0x00000233c8744000 nmethod 17957 0x00000233bb6da250 code [0x00000233bb6da780, 0x00000233bb6dd128]
Event: 728.103 Thread 0x00000233c8745000 17977       4       sun.java2d.SunGraphics2D::clip (35 bytes)
Event: 728.110 Thread 0x00000233c8745000 nmethod 17977 0x00000233bb6ae5d0 code [0x00000233bb6ae760, 0x00000233bb6aed98]
Event: 735.193 Thread 0x00000233c8744000 17978   !   4       javax.swing.JComponent::_paintImmediately (891 bytes)

GC Heap History (10 events):
Event: 724.742 GC heap before
{Heap before GC invocations=306 (full 4):
 def new generation   total 148608K, used 137511K [0x00000000a2400000, 0x00000000ac530000, 0x00000000c1800000)
  eden space 132160K, 100% used [0x00000000a2400000, 0x00000000aa510000, 0x00000000aa510000)
  from space 16448K,  32% used [0x00000000aa510000, 0x00000000aaa49f20, 0x00000000ab520000)
  to   space 16448K,   0% used [0x00000000ab520000, 0x00000000ab520000, 0x00000000ac530000)
 tenured generation   total 329976K, used 229253K [0x00000000c1800000, 0x00000000d5a3e000, 0x0000000100000000)
   the space 329976K,  69% used [0x00000000c1800000, 0x00000000cf7e15a0, 0x00000000cf7e1600, 0x00000000d5a3e000)
 Metaspace       used 56965K, capacity 58152K, committed 58328K, reserved 1099776K
  class space    used 7387K, capacity 7664K, committed 7680K, reserved 1048576K
Event: 724.750 GC heap after
Heap after GC invocations=307 (full 4):
 def new generation   total 148608K, used 5432K [0x00000000a2400000, 0x00000000ac530000, 0x00000000c1800000)
  eden space 132160K,   0% used [0x00000000a2400000, 0x00000000a2400000, 0x00000000aa510000)
  from space 16448K,  33% used [0x00000000ab520000, 0x00000000aba6e348, 0x00000000ac530000)
  to   space 16448K,   0% used [0x00000000aa510000, 0x00000000aa510000, 0x00000000ab520000)
 tenured generation   total 329976K, used 229253K [0x00000000c1800000, 0x00000000d5a3e000, 0x0000000100000000)
   the space 329976K,  69% used [0x00000000c1800000, 0x00000000cf7e15a0, 0x00000000cf7e1600, 0x00000000d5a3e000)
 Metaspace       used 56965K, capacity 58152K, committed 58328K, reserved 1099776K
  class space    used 7387K, capacity 7664K, committed 7680K, reserved 1048576K
}
Event: 724.769 GC heap before
{Heap before GC invocations=307 (full 4):
 def new generation   total 148608K, used 137592K [0x00000000a2400000, 0x00000000ac530000, 0x00000000c1800000)
  eden space 132160K, 100% used [0x00000000a2400000, 0x00000000aa510000, 0x00000000aa510000)
  from space 16448K,  33% used [0x00000000ab520000, 0x00000000aba6e348, 0x00000000ac530000)
  to   space 16448K,   0% used [0x00000000aa510000, 0x00000000aa510000, 0x00000000ab520000)
 tenured generation   total 329976K, used 229253K [0x00000000c1800000, 0x00000000d5a3e000, 0x0000000100000000)
   the space 329976K,  69% used [0x00000000c1800000, 0x00000000cf7e15a0, 0x00000000cf7e1600, 0x00000000d5a3e000)
 Metaspace       used 56965K, capacity 58152K, committed 58328K, reserved 1099776K
  class space    used 7387K, capacity 7664K, committed 7680K, reserved 1048576K
Event: 724.777 GC heap after
Heap after GC invocations=308 (full 4):
 def new generation   total 148608K, used 5534K [0x00000000a2400000, 0x00000000ac530000, 0x00000000c1800000)
  eden space 132160K,   0% used [0x00000000a2400000, 0x00000000a2400000, 0x00000000aa510000)
  from space 16448K,  33% used [0x00000000aa510000, 0x00000000aaa77870, 0x00000000ab520000)
  to   space 16448K,   0% used [0x00000000ab520000, 0x00000000ab520000, 0x00000000ac530000)
 tenured generation   total 329976K, used 229253K [0x00000000c1800000, 0x00000000d5a3e000, 0x0000000100000000)
   the space 329976K,  69% used [0x00000000c1800000, 0x00000000cf7e15a0, 0x00000000cf7e1600, 0x00000000d5a3e000)
 Metaspace       used 56965K, capacity 58152K, committed 58328K, reserved 1099776K
  class space    used 7387K, capacity 7664K, committed 7680K, reserved 1048576K
}
Event: 724.793 GC heap before
{Heap before GC invocations=308 (full 4):
 def new generation   total 148608K, used 137694K [0x00000000a2400000, 0x00000000ac530000, 0x00000000c1800000)
  eden space 132160K, 100% used [0x00000000a2400000, 0x00000000aa510000, 0x00000000aa510000)
  from space 16448K,  33% used [0x00000000aa510000, 0x00000000aaa77870, 0x00000000ab520000)
  to   space 16448K,   0% used [0x00000000ab520000, 0x00000000ab520000, 0x00000000ac530000)
 tenured generation   total 329976K, used 229253K [0x00000000c1800000, 0x00000000d5a3e000, 0x0000000100000000)
   the space 329976K,  69% used [0x00000000c1800000, 0x00000000cf7e15a0, 0x00000000cf7e1600, 0x00000000d5a3e000)
 Metaspace       used 56965K, capacity 58152K, committed 58328K, reserved 1099776K
  class space    used 7387K, capacity 7664K, committed 7680K, reserved 1048576K
Event: 724.800 GC heap after
Heap after GC invocations=309 (full 4):
 def new generation   total 148608K, used 6254K [0x00000000a2400000, 0x00000000ac530000, 0x00000000c1800000)
  eden space 132160K,   0% used [0x00000000a2400000, 0x00000000a2400000, 0x00000000aa510000)
  from space 16448K,  38% used [0x00000000ab520000, 0x00000000abb3bae8, 0x00000000ac530000)
  to   space 16448K,   0% used [0x00000000aa510000, 0x00000000aa510000, 0x00000000ab520000)
 tenured generation   total 329976K, used 229253K [0x00000000c1800000, 0x00000000d5a3e000, 0x0000000100000000)
   the space 329976K,  69% used [0x00000000c1800000, 0x00000000cf7e15a0, 0x00000000cf7e1600, 0x00000000d5a3e000)
 Metaspace       used 56965K, capacity 58152K, committed 58328K, reserved 1099776K
  class space    used 7387K, capacity 7664K, committed 7680K, reserved 1048576K
}
Event: 725.579 GC heap before
{Heap before GC invocations=309 (full 4):
 def new generation   total 148608K, used 138414K [0x00000000a2400000, 0x00000000ac530000, 0x00000000c1800000)
  eden space 132160K, 100% used [0x00000000a2400000, 0x00000000aa510000, 0x00000000aa510000)
  from space 16448K,  38% used [0x00000000ab520000, 0x00000000abb3bae8, 0x00000000ac530000)
  to   space 16448K,   0% used [0x00000000aa510000, 0x00000000aa510000, 0x00000000ab520000)
 tenured generation   total 329976K, used 229253K [0x00000000c1800000, 0x00000000d5a3e000, 0x0000000100000000)
   the space 329976K,  69% used [0x00000000c1800000, 0x00000000cf7e15a0, 0x00000000cf7e1600, 0x00000000d5a3e000)
 Metaspace       used 56990K, capacity 58152K, committed 58328K, reserved 1099776K
  class space    used 7388K, capacity 7664K, committed 7680K, reserved 1048576K
Event: 725.588 GC heap after
Heap after GC invocations=310 (full 4):
 def new generation   total 148608K, used 6769K [0x00000000a2400000, 0x00000000ac530000, 0x00000000c1800000)
  eden space 132160K,   0% used [0x00000000a2400000, 0x00000000a2400000, 0x00000000aa510000)
  from space 16448K,  41% used [0x00000000aa510000, 0x00000000aabac630, 0x00000000ab520000)
  to   space 16448K,   0% used [0x00000000ab520000, 0x00000000ab520000, 0x00000000ac530000)
 tenured generation   total 329976K, used 229253K [0x00000000c1800000, 0x00000000d5a3e000, 0x0000000100000000)
   the space 329976K,  69% used [0x00000000c1800000, 0x00000000cf7e15a0, 0x00000000cf7e1600, 0x00000000d5a3e000)
 Metaspace       used 56990K, capacity 58152K, committed 58328K, reserved 1099776K
  class space    used 7388K, capacity 7664K, committed 7680K, reserved 1048576K
}
Event: 725.602 GC heap before
{Heap before GC invocations=310 (full 4):
 def new generation   total 148608K, used 138929K [0x00000000a2400000, 0x00000000ac530000, 0x00000000c1800000)
  eden space 132160K, 100% used [0x00000000a2400000, 0x00000000aa510000, 0x00000000aa510000)
  from space 16448K,  41% used [0x00000000aa510000, 0x00000000aabac630, 0x00000000ab520000)
  to   space 16448K,   0% used [0x00000000ab520000, 0x00000000ab520000, 0x00000000ac530000)
 tenured generation   total 329976K, used 229253K [0x00000000c1800000, 0x00000000d5a3e000, 0x0000000100000000)
   the space 329976K,  69% used [0x00000000c1800000, 0x00000000cf7e15a0, 0x00000000cf7e1600, 0x00000000d5a3e000)
 Metaspace       used 56990K, capacity 58152K, committed 58328K, reserved 1099776K
  class space    used 7388K, capacity 7664K, committed 7680K, reserved 1048576K
Event: 725.611 GC heap after
Heap after GC invocations=311 (full 4):
 def new generation   total 148608K, used 7219K [0x00000000a2400000, 0x00000000ac530000, 0x00000000c1800000)
  eden space 132160K,   0% used [0x00000000a2400000, 0x00000000a2400000, 0x00000000aa510000)
  from space 16448K,  43% used [0x00000000ab520000, 0x00000000abc2cd48, 0x00000000ac530000)
  to   space 16448K,   0% used [0x00000000aa510000, 0x00000000aa510000, 0x00000000ab520000)
 tenured generation   total 329976K, used 229253K [0x00000000c1800000, 0x00000000d5a3e000, 0x0000000100000000)
   the space 329976K,  69% used [0x00000000c1800000, 0x00000000cf7e15a0, 0x00000000cf7e1600, 0x00000000d5a3e000)
 Metaspace       used 56990K, capacity 58152K, committed 58328K, reserved 1099776K
  class space    used 7388K, capacity 7664K, committed 7680K, reserved 1048576K
}

Deoptimization events (10 events):
Event: 724.908 Thread 0x00000233e4d0e000 Uncommon trap: reason=unstable_if action=reinterpret pc=0x00000233b9e80e0c method=com.altera.sopcmodel.components.tclmodule.LiveModuleScriptable.getParameterValue(Ljava/lang/String;)Ljava/lang/String; @ 30
Event: 724.930 Thread 0x00000233e4d0e000 Uncommon trap: reason=unstable_if action=reinterpret pc=0x00000233b9d73fcc method=tcl.lang.Util.getIntForIndex(Ltcl/lang/Interp;Ltcl/lang/TclObject;I)I @ 72
Event: 724.964 Thread 0x00000233e4d0e000 Uncommon trap: reason=bimorphic action=maybe_recompile pc=0x00000233bb3aacec method=java.util.regex.Pattern$Ques.match(Ljava/util/regex/Matcher;ILjava/lang/CharSequence;)Z @ 68
Event: 724.964 Thread 0x00000233e4d0e000 Uncommon trap: reason=bimorphic action=maybe_recompile pc=0x00000233bb3aacec method=java.util.regex.Pattern$Ques.match(Ljava/util/regex/Matcher;ILjava/lang/CharSequence;)Z @ 68
Event: 724.964 Thread 0x00000233e4d0e000 Uncommon trap: reason=bimorphic action=maybe_recompile pc=0x00000233bb3aacec method=java.util.regex.Pattern$Ques.match(Ljava/util/regex/Matcher;ILjava/lang/CharSequence;)Z @ 68
Event: 724.964 Thread 0x00000233e4d0e000 Uncommon trap: reason=bimorphic action=maybe_recompile pc=0x00000233bb3aacec method=java.util.regex.Pattern$Ques.match(Ljava/util/regex/Matcher;ILjava/lang/CharSequence;)Z @ 68
Event: 725.617 Thread 0x00000233e4d0e000 Uncommon trap: reason=class_check action=maybe_recompile pc=0x00000233b89c0990 method=java.util.Formatter$FixedString.print(Ljava/lang/Object;Ljava/util/Locale;)V @ 11
Event: 725.668 Thread 0x00000233e4d0e000 Uncommon trap: reason=class_check action=maybe_recompile pc=0x00000233b9c2e4a8 method=com.altera.sopcmodel.components.tclmodule.LiveModuleScriptable.getPublicParameterProperty(Lcom/altera/entityinterfaces/IModule;Lcom/altera/entityinterfaces/IParameterDes
Event: 725.668 Thread 0x00000233e4d0e000 Uncommon trap: reason=class_check action=maybe_recompile pc=0x00000233b9c2e4a8 method=com.altera.sopcmodel.components.tclmodule.LiveModuleScriptable.getPublicParameterProperty(Lcom/altera/entityinterfaces/IModule;Lcom/altera/entityinterfaces/IParameterDes
Event: 725.755 Thread 0x00000233e4d0e000 Uncommon trap: reason=unstable_if action=reinterpret pc=0x00000233b8f39274 method=tcl.lang.Var.cleanupVar(Ltcl/lang/Var;Ltcl/lang/Var;)V @ 61

Classes redefined (0 events):
No events

Internal exceptions (10 events):
Event: 717.522 Thread 0x00000233e4d0e000 Exception <a 'java/lang/ClassNotFoundException': com/altera/sopcmodel/transforms/SopcTransformStepCustomizer> (0x00000000a257d990) thrown at [C:\workspace\openjdk-build\workspace\build\src\hotspot\src\share\vm\classfile\systemDictionary.cpp, line 217]
Event: 717.523 Thread 0x00000233e4d0e000 Exception <a 'java/lang/ClassNotFoundException': com/altera/sopcmodel/transforms/interrupt/InterruptFanoutTransformCustomizer> (0x00000000a25b4118) thrown at [C:\workspace\openjdk-build\workspace\build\src\hotspot\src\share\vm\classfile\systemDictionary.c
Event: 717.526 Thread 0x00000233e4d0e000 Exception <a 'java/lang/ClassNotFoundException': java/lang/ObjectCustomizer> (0x00000000a25ea0e0) thrown at [C:\workspace\openjdk-build\workspace\build\src\hotspot\src\share\vm\classfile\systemDictionary.cpp, line 217]
Event: 717.526 Thread 0x00000233e4d0e000 Exception <a 'java/lang/ClassNotFoundException': com/altera/sopcmodel/beanelement/BeanElementCustomizer> (0x00000000a260cc28) thrown at [C:\workspace\openjdk-build\workspace\build\src\hotspot\src\share\vm\classfile\systemDictionary.cpp, line 217]
Event: 717.527 Thread 0x00000233e4d0e000 Exception <a 'java/lang/ClassNotFoundException': com/altera/sopcmodel/transforms/SopcTransformStepCustomizer> (0x00000000a264c6f8) thrown at [C:\workspace\openjdk-build\workspace\build\src\hotspot\src\share\vm\classfile\systemDictionary.cpp, line 217]
Event: 717.527 Thread 0x00000233e4d0e000 Exception <a 'java/lang/ClassNotFoundException': com/altera/sopcmodel/transforms/avalonst/AvalonStreamingTransformCustomizer> (0x00000000a2682e68) thrown at [C:\workspace\openjdk-build\workspace\build\src\hotspot\src\share\vm\classfile\systemDictionary.cp
Event: 717.528 Thread 0x00000233e4d0e000 Exception <a 'java/lang/ClassNotFoundException': java/lang/ObjectCustomizer> (0x00000000a26a1f20) thrown at [C:\workspace\openjdk-build\workspace\build\src\hotspot\src\share\vm\classfile\systemDictionary.cpp, line 217]
Event: 717.528 Thread 0x00000233e4d0e000 Exception <a 'java/lang/ClassNotFoundException': com/altera/sopcmodel/beanelement/BeanElementCustomizer> (0x00000000a26c4a68) thrown at [C:\workspace\openjdk-build\workspace\build\src\hotspot\src\share\vm\classfile\systemDictionary.cpp, line 217]
Event: 717.528 Thread 0x00000233e4d0e000 Exception <a 'java/lang/ClassNotFoundException': com/altera/sopcmodel/transforms/SopcTransformStepCustomizer> (0x00000000a2704538) thrown at [C:\workspace\openjdk-build\workspace\build\src\hotspot\src\share\vm\classfile\systemDictionary.cpp, line 217]
Event: 717.529 Thread 0x00000233e4d0e000 Exception <a 'java/lang/ClassNotFoundException': com/altera/sopcmodel/transforms/reset/ResetAdaptationCustomizer> (0x00000000a2735400) thrown at [C:\workspace\openjdk-build\workspace\build\src\hotspot\src\share\vm\classfile\systemDictionary.cpp, line 217]

Events (10 events):
Event: 725.755 Thread 0x00000233e4d0e000 Uncommon trap: trap_request=0xffffff65 fr.pc=0x00000233b8f39274
Event: 725.755 Thread 0x00000233e4d0e000 DEOPT PACKING pc=0x00000233b8f39274 sp=0x000000c920cfcfc0
Event: 725.755 Thread 0x00000233e4d0e000 DEOPT UNPACKING pc=0x00000233b8545583 sp=0x000000c920cfcfc8 mode 2
Event: 725.756 loading class tcl/lang/ExecCmd
Event: 725.756 loading class tcl/lang/ExecCmd done
Event: 725.789 loading class tcl/lang/ExecInputStreamReader
Event: 725.789 loading class tcl/lang/ExecInputStreamReader done
Event: 725.790 Thread 0x00000233ce01e000 Thread added: 0x00000233ce01e000
Event: 727.525 Thread 0x00000233ce01a000 DEOPT PACKING pc=0x00000233bae22caa sp=0x000000c9229ff440
Event: 727.525 Thread 0x00000233ce01a000 DEOPT UNPACKING pc=0x00000233b85471d8 sp=0x000000c9229ff258 mode 0


Dynamic libraries:
0x00007ff777ce0000 - 0x00007ff777d2d000 	C:\altera_lite\24.1std\quartus\bin64\jre64\bin\java.exe
0x00007ffb9f310000 - 0x00007ffb9f742000 	C:\Windows\SYSTEM32\ntdll.dll
0x00007ffb9c270000 - 0x00007ffb9c43e000 	C:\Windows\System32\xtajit64se.dll
0x00007ffb9d950000 - 0x00007ffb9dab8000 	C:\Windows\System32\KERNEL32.DLL
0x00007ffb9a580000 - 0x00007ffb9ac45000 	C:\Windows\System32\KERNELBASE.dll
0x00007ffb9a080000 - 0x00007ffb9a186000 	C:\Windows\SYSTEM32\apphelp.dll
0x00007ffb9df00000 - 0x00007ffb9e040000 	C:\Windows\System32\ADVAPI32.dll
0x00007ffb9eca0000 - 0x00007ffb9ede8000 	C:\Windows\System32\msvcrt.dll
0x00007ffb9e580000 - 0x00007ffb9e69e000 	C:\Windows\System32\sechost.dll
0x00007ffb9e110000 - 0x00007ffb9e313000 	C:\Windows\System32\RPCRT4.dll
0x00007ffb9efb0000 - 0x00007ffb9f22d000 	C:\Windows\System32\USER32.dll
0x00007ffb9ac50000 - 0x00007ffb9acaf000 	C:\Windows\System32\win32u.dll
0x00007ffb9f260000 - 0x00007ffb9f2c6000 	C:\Windows\System32\GDI32.dll
0x00007ffb9b460000 - 0x00007ffb9b64b000 	C:\Windows\System32\gdi32full.dll
0x00007ffb9adc0000 - 0x00007ffb9af19000 	C:\Windows\System32\msvcp_win.dll
0x00007ffb9af20000 - 0x00007ffb9b148000 	C:\Windows\System32\ucrtbase.dll
0x00007ffb83e10000 - 0x00007ffb84281000 	C:\Windows\WinSxS\arm64_microsoft.windows.common-controls_6595b64144ccf1df_6.0.26100.7171_none_3e0db6d6e32f853f\COMCTL32.dll
0x00007ffb9dac0000 - 0x00007ffb9db16000 	C:\Windows\System32\IMM32.DLL
0x00007ffb493d0000 - 0x00007ffb493ee000 	C:\altera_lite\24.1std\quartus\bin64\jre64\bin\vcruntime140.dll
0x00007ffb493c0000 - 0x00007ffb493cc000 	C:\altera_lite\24.1std\quartus\bin64\jre64\bin\vcruntime140_1.dll
0x00007ffb49330000 - 0x00007ffb493bd000 	C:\altera_lite\24.1std\quartus\bin64\jre64\bin\msvcp140.dll
0x0000000008000000 - 0x0000000008896000 	C:\altera_lite\24.1std\quartus\bin64\jre64\bin\server\jvm.dll
0x00007ffb9eba0000 - 0x00007ffb9ebaf000 	C:\Windows\System32\PSAPI.DLL
0x00007ffb84670000 - 0x00007ffb84686000 	C:\Windows\SYSTEM32\VERSION.dll
0x00007ffb83da0000 - 0x00007ffb83e02000 	C:\Windows\SYSTEM32\WINMM.dll
0x00007ffb7ff80000 - 0x00007ffb7ff94000 	C:\Windows\SYSTEM32\WSOCK32.dll
0x00007ffb9ebc0000 - 0x00007ffb9ec83000 	C:\Windows\System32\WS2_32.dll
0x00007ffb492f0000 - 0x00007ffb4932b000 	C:\altera_lite\24.1std\quartus\bin64\jre64\bin\splashscreen.dll
0x00007ffb951c0000 - 0x00007ffb952d8000 	C:\Windows\system32\uxtheme.dll
0x00007ffb9b650000 - 0x00007ffb9bce5000 	C:\Windows\System32\combase.dll
0x00007ffb982a0000 - 0x00007ffb982d2000 	C:\Windows\SYSTEM32\kernel.appcore.dll
0x00007ffb492e0000 - 0x00007ffb492f0000 	C:\altera_lite\24.1std\quartus\bin64\jre64\bin\verify.dll
0x00007ffb49280000 - 0x00007ffb492ab000 	C:\altera_lite\24.1std\quartus\bin64\jre64\bin\java.dll
0x00007ffb9db20000 - 0x00007ffb9ddac000 	C:\Windows\System32\MSCTF.dll
0x00007ffb49260000 - 0x00007ffb49278000 	C:\altera_lite\24.1std\quartus\bin64\jre64\bin\zip.dll
0x00007ffb9acc0000 - 0x00007ffb9adb3000 	C:\Windows\System32\bcryptPrimitives.dll
0x00007ffb9e8b0000 - 0x00007ffb9ea53000 	C:\Windows\System32\OLEAUT32.dll
0x00007ffb6f6b0000 - 0x00007ffb6f93f000 	C:\Windows\SYSTEM32\textinputframework.dll
0x00007ffb94bd0000 - 0x00007ffb94e60000 	C:\Windows\SYSTEM32\CoreMessaging.dll
0x00007ffb772b0000 - 0x00007ffb77920000 	C:\Windows\SYSTEM32\CoreUIComponents.dll
0x00007ffb9b150000 - 0x00007ffb9b457000 	C:\Windows\System32\wintypes.dll
0x00007ffb98f90000 - 0x00007ffb98fa8000 	C:\Windows\SYSTEM32\CRYPTBASE.DLL
0x00007ffb50ae0000 - 0x00007ffb50bc6000 	C:\Windows\system32\Oleacc.dll
0x00007ffb9c790000 - 0x00007ffb9d5dc000 	C:\Windows\System32\SHELL32.dll
0x00007ffb962d0000 - 0x00007ffb974b6000 	C:\Windows\SYSTEM32\windows.storage.dll
0x00007ffb9e370000 - 0x00007ffb9e573000 	C:\Windows\System32\SHCORE.dll
0x00007ffb9e050000 - 0x00007ffb9e10b000 	C:\Windows\System32\shlwapi.dll
0x00007ffb9a2e0000 - 0x00007ffb9a32a000 	C:\Windows\SYSTEM32\profapi.dll
0x00007ffafa4c0000 - 0x00007ffafa63c000 	C:\altera_lite\24.1std\quartus\bin64\jre64\bin\awt.dll
0x00007ffb9d6a0000 - 0x00007ffb9d94c000 	C:\Windows\System32\ole32.dll
0x00007ffb941c0000 - 0x00007ffb94214000 	C:\Windows\system32\DWMAPI.DLL
0x00007ffb98f50000 - 0x00007ffb98f81000 	C:\Windows\SYSTEM32\CRYPTSP.dll
0x00007ffb981d0000 - 0x00007ffb98239000 	C:\Windows\system32\rsaenh.dll
0x00007ffb98c30000 - 0x00007ffb98c80000 	C:\Windows\SYSTEM32\USERENV.dll
0x00007ffb9a280000 - 0x00007ffb9a2cd000 	C:\Windows\SYSTEM32\bcrypt.dll
0x00007ffb49240000 - 0x00007ffb4925c000 	C:\altera_lite\24.1std\quartus\bin64\jre64\bin\net.dll
0x00007ffb98b00000 - 0x00007ffb98bc1000 	C:\Windows\system32\mswsock.dll
0x00007ffb97b70000 - 0x00007ffb97bcf000 	C:\Windows\SYSTEM32\IPHLPAPI.DLL
0x00007ffb9f240000 - 0x00007ffb9f252000 	C:\Windows\System32\NSI.dll
0x00007ffb910f0000 - 0x00007ffb91121000 	C:\Windows\SYSTEM32\dhcpcsvc6.DLL
0x00007ffb910a0000 - 0x00007ffb910e6000 	C:\Windows\SYSTEM32\dhcpcsvc.DLL
0x00007ffb97be0000 - 0x00007ffb97ded000 	C:\Windows\SYSTEM32\DNSAPI.dll
0x00007ffb49220000 - 0x00007ffb49233000 	C:\altera_lite\24.1std\quartus\bin64\jre64\bin\nio.dll
0x00007ffb71d20000 - 0x00007ffb71d26000 	C:\altera_lite\24.1std\quartus\bin64\sld_utiljni.dll
0x0000000010000000 - 0x000000001018a000 	C:\altera_lite\24.1std\quartus\bin64\tcl86.dll
0x00007ffb827d0000 - 0x00007ffb82800000 	C:\Windows\SYSTEM32\NETAPI32.dll
0x00007ffb979c0000 - 0x00007ffb979f1000 	C:\Windows\SYSTEM32\SAMCLI.DLL
0x00007ffb976f0000 - 0x00007ffb97709000 	C:\Windows\SYSTEM32\NETUTILS.DLL
0x00007ffb987d0000 - 0x00007ffb98842000 	C:\Windows\SYSTEM32\LOGONCLI.DLL
0x00007ffae0380000 - 0x00007ffae04bc000 	C:\altera_lite\24.1std\quartus\bin64\ccl_sqlite3.dll
0x00007ffb49200000 - 0x00007ffb49212000 	C:\altera_lite\24.1std\quartus\bin64\ccl_sqlite3_jdbc_jni_bridge.dll
0x00007ffaeedb0000 - 0x00007ffaeef72000 	C:\Windows\system32\opengl32.dll
0x00007ffb491a0000 - 0x00007ffb491f0000 	C:\Windows\SYSTEM32\GLU32.dll
0x00007ffb95410000 - 0x00007ffb95499000 	C:\Windows\SYSTEM32\dxcore.dll
0x00007ffb57ca0000 - 0x00007ffb57f9a000 	C:\Windows\system32\d3d9.dll
0x00007ffab3520000 - 0x00007ffab36af000 	C:\Windows\SYSTEM32\d3d9on12.dll
0x00007ffae6d80000 - 0x00007ffae6dc8000 	C:\Windows\SYSTEM32\d3d12.dll
0x00007ffb94640000 - 0x00007ffb9487c000 	C:\Windows\SYSTEM32\dxgi.dll
0x00007ffb9a1e0000 - 0x00007ffb9a25c000 	C:\Windows\SYSTEM32\powrprof.dll
0x00007ffb9a1b0000 - 0x00007ffb9a1d5000 	C:\Windows\SYSTEM32\UMPDC.dll
0x00007ffb99bf0000 - 0x00007ffb99c90000 	C:\Windows\SYSTEM32\cfgmgr32.dll
0x00007ffb14bd0000 - 0x00007ffb151b5000 	C:\Windows\SYSTEM32\D3D12Core.dll
0x00007ffa94920000 - 0x00007ffa951f0000 	C:\Windows\System32\DriverStore\FileRepository\qcdx8380.inf_arm64_e13ac55ddce2b10f\qcdx12arm64xum.dll
0x00007ffaa12e0000 - 0x00007ffaa15ee000 	C:\Windows\SYSTEM32\dxilconv.dll
0x00007ffb72ba0000 - 0x00007ffb75629000 	C:\Windows\System32\DriverStore\FileRepository\qcdx8380.inf_arm64_e13ac55ddce2b10f\qcgpuarm64xcompilercore.dll
0x00007ffb717e0000 - 0x00007ffb7198e000 	C:\Windows\SYSTEM32\D3DSCache.dll
0x00007ffb90c90000 - 0x00007ffb90d54000 	C:\Windows\SYSTEM32\directxdatabasehelper.dll
0x00007ffa972a0000 - 0x00007ffa9740c000 	C:\altera_lite\24.1std\quartus\bin64\jre64\bin\freetype.dll
0x00007ffb20330000 - 0x00007ffb20409000 	C:\altera_lite\24.1std\quartus\bin64\jre64\bin\fontmanager.dll
0x00007ffb458c0000 - 0x00007ffb45a02000 	C:\Windows\WinSxS\arm64_microsoft.windows.common-controls_6595b64144ccf1df_5.82.26100.7019_none_87ebf5e77a2f6651\comctl32.dll
0x0000000000ed0000 - 0x0000000001123000 	C:\altera_lite\24.1std\quartus\bin64\nlview.dll
0x00007ffb9edf0000 - 0x00007ffb9efa8000 	C:\Windows\System32\comdlg32.dll
0x00007ffb577d0000 - 0x00007ffb57908000 	C:\Windows\SYSTEM32\WINSPOOL.DRV
0x00007ffb9ea60000 - 0x00007ffb9eb97000 	C:\Windows\System32\clbcatq.dll
0x00007ffb92730000 - 0x00007ffb92aef000 	C:\Windows\SYSTEM32\WindowsCodecs.dll
0x00007ffb5b290000 - 0x00007ffb5b34b000 	C:\Windows\system32\dataexchange.dll
0x00007ffb8c300000 - 0x00007ffb8c7e7000 	C:\Windows\system32\twinapi.appcore.dll
0x00007ffb914c0000 - 0x00007ffb91697000 	C:\Windows\system32\propsys.dll
0x00007ffb71270000 - 0x00007ffb71405000 	C:\Windows\System32\Windows.FileExplorer.Common.dll
0x00007ffb5c590000 - 0x00007ffb5c5c4000 	C:\Windows\system32\NetworkExplorer.dll
0x00007ffb6fe00000 - 0x00007ffb70067000 	C:\Windows\system32\Windows.Storage.Search.dll
0x00007ffb719a0000 - 0x00007ffb71ccd000 	C:\Windows\System32\Windows.System.Launcher.dll
0x00007ffb90b10000 - 0x00007ffb90b45000 	C:\Windows\SYSTEM32\windows.staterepositorycore.dll
0x00007ffb89330000 - 0x00007ffb8949a000 	C:\Windows\System32\StructuredQuery.dll
0x00007ffb88c80000 - 0x00007ffb890f0000 	C:\Windows\System32\icu.dll
0x00007ffb94930000 - 0x00007ffb94a76000 	C:\Windows\SYSTEM32\policymanager.dll
0x00007ffb7dd40000 - 0x00007ffb7df91000 	C:\Windows\System32\SystemSettings.DataModel.dll
0x00007ffb975b0000 - 0x00007ffb975f7000 	C:\Windows\SYSTEM32\slc.dll
0x00007ffb98680000 - 0x00007ffb98701000 	C:\Windows\SYSTEM32\SspiCli.dll
0x00007ffb70070000 - 0x00007ffb701e6000 	C:\Windows\System32\OneCoreCommonProxyStub.dll
0x00007ffb7eab0000 - 0x00007ffb7f69e000 	C:\Windows\System32\OneCoreUAPCommonProxyStub.dll
0x00007ffb79480000 - 0x00007ffb79600000 	C:\Windows\System32\Windows.StateRepositoryPS.dll
0x00007ffb909f0000 - 0x00007ffb90a7c000 	C:\Windows\SYSTEM32\windows.staterepositoryclient.dll
0x00007ffb6fd50000 - 0x00007ffb6fda3000 	C:\Windows\System32\cldapi.dll
0x00007ffb6fd00000 - 0x00007ffb6fd48000 	C:\Windows\SYSTEM32\edputil.dll
0x00007ffb674b0000 - 0x00007ffb6754f000 	C:\Windows\System32\vaultcli.dll
0x00007ffb6f9a0000 - 0x00007ffb6fad4000 	C:\Windows\System32\Windows.Web.dll
0x00007ffb467b0000 - 0x00007ffb4688a000 	C:\Windows\System32\thumbcache.dll
0x00007ffb820d0000 - 0x00007ffb82107000 	C:\Windows\SYSTEM32\MPR.dll
0x00007ffb20230000 - 0x00007ffb20272000 	C:\Windows\System32\p9np.dll
0x00007ffb7d190000 - 0x00007ffb7d1aa000 	C:\Windows\System32\drprov.dll
0x00007ffb201e0000 - 0x00007ffb20222000 	C:\Windows\System32\ntlanman.dll
0x00007ffa8e370000 - 0x00007ffa8e3ab000 	C:\Windows\System32\davclnt.dll
0x00007ffb99cf0000 - 0x00007ffb99d9e000 	C:\Windows\System32\WINSTA.dll
0x00007ffb8e700000 - 0x00007ffb8e732000 	C:\Windows\System32\wkscli.dll
0x00007ffb4fef0000 - 0x00007ffb4ff13000 	C:\Windows\SYSTEM32\cscapi.dll
0x00007ffb25900000 - 0x00007ffb259a6000 	C:\Windows\System32\dlnashext.dll
0x00007ffb48c90000 - 0x00007ffb48d4e000 	C:\Windows\System32\PlayToDevice.dll

VM Arguments:
jvm_args: -Xmx1500M -XX:+UseSerialGC 
java_command: com.altera.ipedit.QsysEditorApp --host-controller
java_class_path (initial): C:/altera_lite/24.1std/quartus/sopc_builder/model/lib\Nlview.jar;C:/altera_lite/24.1std/quartus/sopc_builder/model/lib\TableLayout.jar;C:/altera_lite/24.1std/quartus/sopc_builder/model/lib\appframework-1.03.jar;C:/altera_lite/24.1std/quartus/sopc_builder/model/lib\asm-3.1.jar;C:/altera_lite/24.1std/quartus/sopc_builder/model/lib\asm-commons-3.1.jar;C:/altera_lite/24.1std/quartus/sopc_builder/model/lib\basicmodel.jar;C:/altera_lite/24.1std/quartus/sopc_builder/model/lib\beansbinding-1.2.1.jar;C:/altera_lite/24.1std/quartus/sopc_builder/model/lib\binding-2.0.6.jar;C:/altera_lite/24.1std/quartus/sopc_builder/model/lib\com.altera.componenteditor2.jar;C:/altera_lite/24.1std/quartus/sopc_builder/model/lib\com.altera.embeddedsw.app_lib.jar;C:/altera_lite/24.1std/quartus/sopc_builder/model/lib\com.altera.embeddedsw.bsp.editor.jar;C:/altera_lite/24.1std/quartus/sopc_builder/model/lib\com.altera.embeddedsw.bsp.elements.jar;C:/altera_lite/24.1std/quartus/sopc_builder/model/lib\com.altera.embeddedsw.bsp.jar;C:/altera_lite/24.1std/quartus/sopc_builder/model/lib\com.altera.embeddedsw.bsp.plugin.core.jar;C:/altera_lite/24.1std/quartus/sopc_builder/model/lib\com.altera.embeddedsw.bsp.plugin.hal.jar;C:/altera_lite/24.1std/quartus/sopc_builder/model/lib\com.altera.embeddedsw.bsp.plugin.lwhal.jar;C:/altera_lite/24.1std/quartus/sopc_builder/model/lib\com.altera.embeddedsw.bsp.schema.jar;C:/altera_lite/24.1std/quartus/sopc_builder/model/lib\com.altera.embeddedsw.bsp.scripting.jar;C:/altera_lite/24.1std/quartus/sopc_builder/model/lib\com.altera.embeddedsw.commandline.jar;C:/altera_lite/24.1std/quartus/sopc_builder/model/lib\com.altera.embeddedsw.cpexample.jar;C:/altera_lite/24.1std/quartus/sopc_builder/model/lib\com.altera.embeddedsw.flash.jar;C:/altera_lite/24.1std/quartus/sopc_builder/model/lib\com.altera.embeddedsw.launch.jar;C:/altera_lite/24.1std/quartus/sopc_builder/model/lib\com.altera.embeddedsw.swinfo.jar;C:/altera_lite/24.1std/quartus/sopc_builder/m
Launcher Type: SUN_STANDARD

Environment Variables:
PATH=C:/altera_lite/24.1std/quartus/bin64;c:\altera_lite\24.1std\quartus\bin64\;C:\Users\olitr\Downloads\i686-15.1.0-release-mcf-dwarf-ucrt-rt_v12-rev0\mingw32\bin;C:\Windows\system32;C:\Windows;C:\Windows\System32\Wbem;C:\Windows\System32\WindowsPowerShell\v1.0\;C:\Windows\System32\OpenSSH\;C:\Program Files\MATLAB\R2024b\bin;C:\Users\olitr\AppData\Local\Muse Hub\lib;C:\Program Files\Microsoft SQL Server\150\Tools\Binn\;C:\Program Files\Microsoft SQL Server\Client SDK\ODBC\170\Tools\Binn\;C:\Program Files\dotnet\;C:\Program Files (x86)\Windows Kits\10\Windows Performance Toolkit\;C:\Program Files (x86)\Ghdl\Bin;C:\Program Files\Spice64\bin;C:\Program Files\Go\bin;C:\Program Files\usbipd-win\;C:\Users\olitr\AppData\Local\Programs\Python\Python312-arm64\Scripts\;C:\Users\olitr\AppData\Local\Programs\Python\Python312-arm64\;C:\Users\olitr\AppData\Local\Programs\Python\Launcher\;C:\Users\olitr\AppData\Local\Microsoft\WindowsApps;C:\Users\olitr\AppData\Local\Muse Hub\lib;C:\Users\olitr\.dotnet\tools;C:\altera_lite\24.1std\questa_fse\win64;C:\Users\olitr\go\bin;C:\Users\olitr\AppData\Local\Programs\Microsoft VS Code\bin
USERNAME=olitr
OS=Windows_NT
PROCESSOR_IDENTIFIER=ARMv8 (64-bit) Family 8 Model 1 Revision 201, Qualcomm Technologies Inc



---------------  S Y S T E M  ---------------

OS: Windows 11 , 64 bit Build 26100 (10.0.26100.7171)

CPU:total 10 (initial active 10) (10 cores per cpu, 1 threads per core) family 21 model 0 stepping 1, cmov, cx8, fxsr, mmx, sse, sse2, sse3, ssse3, sse4.1, sse4.2, popcnt, avx, avx2, aes, clmul, tsc, tscinvbit, tscinv, bmi1

Memory: 4k page, physical 16368608k(979964k free), swap 27888228k(2228k free)

vm_info: OpenJDK 64-Bit Server VM (25.432-b06) for windows-amd64 JRE (1.8.0_432-b06), built on Oct 17 2024 09:44:22 by "jenkins" with unknown MS VC++:1937

time: Thu Dec 11 21:18:16 2025
timezone: Eastern Standard Time
elapsed time: 735.292772 seconds (0d 0h 12m 15s)

